
[Incubating] Problems report is available at: file:///D:/7)android%20projects/Music/build/reports/problems/problems-report.html
.\gradlew.bat : 
At line:1 char:1
+ .\gradlew.bat assembleDebug 2>&1 | Out-File -FilePath 
"build_output.t ...
+ ~~~~~~~~~~~~~~~~~~~~~~~~~~~~~~~~
    + CategoryInfo          : NotSpecified: (:String) [ 
   ], RemoteException
    + FullyQualifiedErrorId : NativeCommandError
 
FAILURE: Build failed with an exception.

* What went wrong:
Could not determine the dependencies of task 
':app:compileDebugJavaWithJavac'.
> Could not create task ':app:kaptDebugKotlin'.
   > 'org.gradle.api.file.FileCollection org.gradle.api.
artifacts.Configuration.fileCollection(org.gradle.api.sp
ecs.Spec)'

* Try:
> Run with --stacktrace option to get the stack trace.
> Run with --info or --debug option to get more log 
output.
> Run with --scan to generate a Build Scan (powered by 
Develocity).
> Get more help at https://help.gradle.org.

Deprecated Gradle features were used in this build, making it incompatible with Gradle 10.

You can use '--warning-mode all' to show the individual deprecation warnings and determine if they come from your own scripts or plugins.

For more on this, please refer to https://docs.gradle.org/9.2.1/userguide/command_line_interface.html#sec:command_line_warnings in the Gradle documentation.

BUILD FAILED in 6s
